// Jest Snapshot v1, https://goo.gl/fbAQLP

exports[`<App/> renders the UI as expected 1`] = `
Array [
  <a
    href="/submit"
    onClick={[Function]}
  >
    <i
      className="fas fa-plus-square"
    />
    Submit New Topic
  </a>,
  <h2>
    YOUR TOPICS
  </h2>,
]
`;
