// Jest Snapshot v1, https://goo.gl/fbAQLP

exports[`Header /> renders the UI as expected 1`] = `
<header>
  <a
    href="/"
    onClick={[Function]}
  >
    <h1
      id="header"
    >
      Overlays App
    </h1>
  </a>
  <a
    href="/logout"
    id="nav-color"
    onClick={[Function]}
  >
    Login / Logout
  </a>
</header>
`;
