// Jest Snapshot v1, https://goo.gl/fbAQLP

exports[`<Nav/> renders the UI as expected 1`] = `
<a
  href="/logout"
  id="nav-color"
  onClick={[Function]}
>
  Login / Logout
</a>
`;
